[2024-05-12T17:30:55.781+0300][info][gc] Using Parallel
[2024-05-12T17:31:00.760+0300][info][gc] GC(0) Pause Young (Allocation Failure) 2M->0M(11M) 26.047ms
[2024-05-12T17:31:31.971+0300][info][gc] GC(1) Pause Young (Allocation Failure) 3M->2M(11M) 2.710ms
[2024-05-12T17:31:32.165+0300][info][gc] GC(2) Pause Young (Allocation Failure) 5M->2M(11M) 21.436ms
[2024-05-12T17:31:32.411+0300][info][gc] GC(3) Pause Young (Allocation Failure) 5M->2M(11M) 2.843ms
[2024-05-12T17:31:32.586+0300][info][gc] GC(4) Pause Young (Allocation Failure) 5M->3M(11M) 9.303ms
[2024-05-12T17:31:32.642+0300][info][gc] GC(5) Pause Young (Allocation Failure) 6M->4M(10M) 2.439ms
[2024-05-12T17:31:33.336+0300][info][gc] GC(6) Pause Young (Allocation Failure) 6M->4M(11M) 3.281ms
[2024-05-12T17:31:33.536+0300][info][gc] GC(7) Pause Young (Allocation Failure) 6M->4M(11M) 2.122ms
[2024-05-12T17:31:33.701+0300][info][gc] GC(8) Pause Young (Allocation Failure) 6M->5M(11M) 2.467ms
[2024-05-12T17:31:34.814+0300][info][gc] GC(9) Pause Young (Allocation Failure) 7M->5M(11M) 2.957ms
[2024-05-12T17:31:37.265+0300][info][gc] GC(10) Pause Young (Allocation Failure) 7M->5M(11M) 2.082ms
[2024-05-12T17:31:48.435+0300][info][gc] GC(11) Pause Young (Allocation Failure) 7M->5M(11M) 1.287ms
[2024-05-12T17:32:04.495+0300][info][gc] GC(12) Pause Young (Allocation Failure) 7M->5M(11M) 9.594ms
[2024-05-12T17:32:13.831+0300][info][gc] GC(13) Pause Young (Allocation Failure) 7M->6M(11M) 1.214ms
[2024-05-12T17:32:13.857+0300][info][gc] GC(14) Pause Full (Ergonomics) 6M->4M(11M) 26.209ms
[2024-05-12T17:32:30.664+0300][info][gc] GC(15) Pause Young (Allocation Failure) 6M->4M(11M) 0.674ms
[2024-05-12T17:32:31.883+0300][info][gc] GC(16) Pause Young (Allocation Failure) 6M->5M(11M) 1.124ms
[2024-05-12T17:32:31.892+0300][info][gc] GC(17) Pause Young (Allocation Failure) 7M->5M(11M) 3.811ms
[2024-05-12T17:32:31.915+0300][info][gc] GC(18) Pause Young (Allocation Failure) 7M->6M(11M) 1.629ms
[2024-05-12T17:32:31.937+0300][info][gc] GC(19) Pause Young (Allocation Failure) 8M->6M(11M) 0.387ms
[2024-05-12T17:32:31.942+0300][info][gc] GC(20) Pause Young (Allocation Failure) 8M->6M(11M) 0.381ms
[2024-05-12T17:32:31.948+0300][info][gc] GC(21) Pause Young (Allocation Failure) 8M->6M(11M) 1.230ms
[2024-05-12T17:32:31.963+0300][info][gc] GC(22) Pause Young (Allocation Failure) 8M->6M(11M) 8.711ms
[2024-05-12T17:32:31.976+0300][info][gc] GC(23) Pause Young (Allocation Failure) 8M->6M(11M) 8.784ms
[2024-05-12T17:32:31.990+0300][info][gc] GC(24) Pause Young (Allocation Failure) 8M->6M(11M) 10.340ms
[2024-05-12T17:32:31.994+0300][info][gc] GC(25) Pause Young (Allocation Failure) 8M->6M(11M) 0.383ms
[2024-05-12T17:32:32.001+0300][info][gc] GC(26) Pause Young (Allocation Failure) 8M->6M(11M) 0.459ms
[2024-05-12T17:32:32.005+0300][info][gc] GC(27) Pause Young (Allocation Failure) 8M->7M(11M) 0.388ms
[2024-05-12T17:32:32.009+0300][info][gc] GC(28) Pause Young (Allocation Failure) 9M->7M(11M) 0.340ms
[2024-05-12T17:32:32.013+0300][info][gc] GC(29) Pause Young (Allocation Failure) 8M->7M(11M) 0.342ms
[2024-05-12T17:32:40.521+0300][info][gc] GC(30) Pause Young (Allocation Failure) 9M->7M(11M) 0.479ms
[2024-05-12T17:32:58.538+0300][info][gc] GC(31) Pause Young (Allocation Failure) 9M->7M(11M) 0.665ms
[2024-05-12T17:33:16.556+0300][info][gc] GC(32) Pause Young (Allocation Failure) 9M->7M(11M) 0.740ms
[2024-05-12T17:33:30.537+0300][info][gc] GC(33) Pause Young (Allocation Failure) 8M->7M(11M) 3.868ms
[2024-05-12T17:33:39.400+0300][info][gc] GC(34) Pause Young (Allocation Failure) 9M->8M(11M) 0.691ms
[2024-05-12T17:33:56.760+0300][info][gc] GC(35) Pause Young (Allocation Failure) 10M->7M(11M) 0.446ms
[2024-05-12T17:34:14.614+0300][info][gc] GC(36) Pause Young (Allocation Failure) 9M->7M(11M) 0.564ms
[2024-05-12T17:34:30.924+0300][info][gc] GC(37) Pause Young (Allocation Failure) 9M->7M(11M) 8.652ms
[2024-05-12T17:34:40.877+0300][info][gc] GC(38) Pause Young (Allocation Failure) 9M->8M(11M) 0.641ms
[2024-05-12T17:34:58.477+0300][info][gc] GC(39) Pause Young (Allocation Failure) 10M->10M(11M) 1.214ms
[2024-05-12T17:34:58.497+0300][info][gc] GC(40) Pause Full (Ergonomics) 10M->5M(11M) 19.900ms
[2024-05-12T17:35:11.950+0300][info][gc] GC(41) Pause Young (Allocation Failure) 7M->6M(11M) 0.614ms
[2024-05-12T17:35:29.838+0300][info][gc] GC(42) Pause Young (Allocation Failure) 8M->6M(11M) 9.330ms
[2024-05-12T17:35:48.795+0300][info][gc] GC(43) Pause Young (Allocation Failure) 8M->6M(11M) 0.432ms
[2024-05-12T17:36:06.834+0300][info][gc] GC(44) Pause Young (Allocation Failure) 8M->6M(11M) 0.417ms
[2024-05-12T17:36:23.825+0300][info][gc] GC(45) Pause Young (Allocation Failure) 8M->6M(11M) 0.488ms
[2024-05-12T17:36:40.893+0300][info][gc] GC(46) Pause Young (Allocation Failure) 8M->6M(11M) 0.507ms
[2024-05-12T17:36:57.921+0300][info][gc] GC(47) Pause Young (Allocation Failure) 8M->6M(11M) 0.598ms
[2024-05-12T17:37:14.975+0300][info][gc] GC(48) Pause Young (Allocation Failure) 8M->6M(11M) 24.294ms
[2024-05-12T17:37:32.960+0300][info][gc] GC(49) Pause Young (Allocation Failure) 8M->6M(11M) 0.497ms
